0 verbose cli /usr/local/nvm/versions/node/v24.15.0/bin/node /usr/local/nvm/versions/node/v24.15.0/bin/npm
1 info using npm@11.14.1
2 info using node@v24.15.0
3 silly config load:file:/usr/local/nvm/versions/node/v24.15.0/lib/node_modules/npm/npmrc
4 silly config load:file:/home/student_03_fe23288f6891/monolith-to-microservices/microservices/.npmrc
5 silly config load:file:/home/student_03_fe23288f6891/.npmrc
6 silly config load:file:/usr/local/nvm/versions/node/v24.15.0/etc/npmrc
7 verbose title npm install
8 verbose argv "install"
9 verbose logfile logs-max:10 dir:/home/student_03_fe23288f6891/.npm/_logs/2026-05-24T21_18_53_144Z-
10 verbose logfile /home/student_03_fe23288f6891/.npm/_logs/2026-05-24T21_18_53_144Z-debug-0.log
11 silly logfile done cleaning log files
12 silly packumentCache heap:2348810240 maxSize:587202560 maxEntrySize:293601280
13 silly idealTree buildDeps
14 silly reify moves {}
15 silly audit bulk request {
15 silly audit   accepts: [ '1.3.8' ],
15 silly audit   'ansi-regex': [ '5.0.1' ],
15 silly audit   'ansi-styles': [ '4.3.0' ],
15 silly audit   'array-flatten': [ '1.1.1' ],
15 silly audit   'body-parser': [ '1.20.3' ],
15 silly audit   bytes: [ '3.1.2' ],
15 silly audit   'call-bind': [ '1.0.7' ],
15 silly audit   chalk: [ '4.1.2' ],
15 silly audit   'supports-color': [ '7.2.0', '8.1.1' ],
15 silly audit   cliui: [ '8.0.1' ],
15 silly audit   'color-convert': [ '2.0.1' ],
15 silly audit   'color-name': [ '1.1.4' ],
15 silly audit   concurrently: [ '7.6.0' ],
15 silly audit   'content-disposition': [ '0.5.4' ],
15 silly audit   'content-type': [ '1.0.5' ],
15 silly audit   cookie: [ '0.7.1' ],
15 silly audit   'cookie-signature': [ '1.0.6' ],
15 silly audit   cors: [ '2.8.5' ],
15 silly audit   'date-fns': [ '2.29.3' ],
15 silly audit   debug: [ '2.6.9' ],
15 silly audit   'define-data-property': [ '1.1.4' ],
15 silly audit   depd: [ '2.0.0' ],
15 silly audit   destroy: [ '1.2.0' ],
15 silly audit   'ee-first': [ '1.1.1' ],
15 silly audit   'emoji-regex': [ '8.0.0' ],
15 silly audit   encodeurl: [ '2.0.0', '1.0.2' ],
15 silly audit   'es-define-property': [ '1.0.0' ],
15 silly audit   'es-errors': [ '1.3.0' ],
15 silly audit   escalade: [ '3.1.1' ],
15 silly audit   'escape-html': [ '1.0.3' ],
15 silly audit   etag: [ '1.8.1' ],
15 silly audit   express: [ '4.21.1' ],
15 silly audit   finalhandler: [ '1.3.1' ],
15 silly audit   forwarded: [ '0.2.0' ],
15 silly audit   fresh: [ '0.5.2' ],
15 silly audit   'function-bind': [ '1.1.2' ],
15 silly audit   'get-caller-file': [ '2.0.5' ],
15 silly audit   'get-intrinsic': [ '1.2.4' ],
15 silly audit   gopd: [ '1.0.1' ],
15 silly audit   'has-flag': [ '4.0.0' ],
15 silly audit   'has-property-descriptors': [ '1.0.2' ],
15 silly audit   'has-proto': [ '1.0.3' ],
15 silly audit   'has-symbols': [ '1.0.3' ],
15 silly audit   hasown: [ '2.0.2' ],
15 silly audit   'http-errors': [ '2.0.0' ],
15 silly audit   'iconv-lite': [ '0.4.24' ],
15 silly audit   inherits: [ '2.0.4' ],
15 silly audit   'ipaddr.js': [ '1.9.1' ],
15 silly audit   'is-fullwidth-code-point': [ '3.0.0' ],
15 silly audit   lodash: [ '4.17.21' ],
15 silly audit   'media-typer': [ '0.3.0' ],
15 silly audit   'merge-descriptors': [ '1.0.3' ],
15 silly audit   methods: [ '1.1.2' ],
15 silly audit   mime: [ '1.6.0' ],
15 silly audit   'mime-db': [ '1.52.0' ],
15 silly audit   'mime-types': [ '2.1.35' ],
15 silly audit   ms: [ '2.0.0', '2.1.3' ],
15 silly audit   negotiator: [ '0.6.3' ],
15 silly audit   'object-assign': [ '4.1.1' ],
15 silly audit   'object-inspect': [ '1.13.2' ],
15 silly audit   'on-finished': [ '2.4.1' ],
15 silly audit   parseurl: [ '1.3.3' ],
15 silly audit   'path-to-regexp': [ '0.1.10' ],
15 silly audit   'proxy-addr': [ '2.0.7' ],
15 silly audit   qs: [ '6.13.0' ],
15 silly audit   'range-parser': [ '1.2.1' ],
15 silly audit   'raw-body': [ '2.5.2' ],
15 silly audit   'require-directory': [ '2.1.1' ],
15 silly audit   rxjs: [ '7.8.0' ],
15 silly audit   'safe-buffer': [ '5.2.1' ],
15 silly audit   'safer-buffer': [ '2.1.2' ],
15 silly audit   send: [ '0.19.0' ],
15 silly audit   'serve-static': [ '1.16.2' ],
15 silly audit   'set-function-length': [ '1.2.2' ],
15 silly audit   setprototypeof: [ '1.2.0' ],
15 silly audit   'shell-quote': [ '1.8.0' ],
15 silly audit   'side-channel': [ '1.0.6' ],
15 silly audit   'spawn-command': [ '0.0.2-1' ],
15 silly audit   statuses: [ '2.0.1' ],
15 silly audit   'string-width': [ '4.2.3' ],
15 silly audit   'strip-ansi': [ '6.0.1' ],
15 silly audit   toidentifier: [ '1.0.1' ],
15 silly audit   'tree-kill': [ '1.2.2' ],
15 silly audit   tslib: [ '2.5.0' ],
15 silly audit   'type-is': [ '1.6.18' ],
15 silly audit   unpipe: [ '1.0.0' ],
15 silly audit   'utils-merge': [ '1.0.1' ],
15 silly audit   vary: [ '1.1.2' ],
15 silly audit   'wrap-ansi': [ '7.0.0' ],
15 silly audit   y18n: [ '5.0.8' ],
15 silly audit   yargs: [ '17.7.1' ],
15 silly audit   'yargs-parser': [ '21.1.1' ]
15 silly audit }
16 http cache yargs-parser@https://registry.npmjs.org/yargs-parser/-/yargs-parser-21.1.1.tgz 1ms (cache hit)
17 http cache yargs@https://registry.npmjs.org/yargs/-/yargs-17.7.1.tgz 0ms (cache hit)
18 http cache y18n@https://registry.npmjs.org/y18n/-/y18n-5.0.8.tgz 0ms (cache hit)
19 http cache wrap-ansi@https://registry.npmjs.org/wrap-ansi/-/wrap-ansi-7.0.0.tgz 0ms (cache hit)
20 http cache vary@https://registry.npmjs.org/vary/-/vary-1.1.2.tgz 0ms (cache hit)
21 http cache utils-merge@https://registry.npmjs.org/utils-merge/-/utils-merge-1.0.1.tgz 0ms (cache hit)
22 http cache unpipe@https://registry.npmjs.org/unpipe/-/unpipe-1.0.0.tgz 0ms (cache hit)
23 http cache type-is@https://registry.npmjs.org/type-is/-/type-is-1.6.18.tgz 1ms (cache hit)
24 http cache tslib@https://registry.npmjs.org/tslib/-/tslib-2.5.0.tgz 0ms (cache hit)
25 http cache tree-kill@https://registry.npmjs.org/tree-kill/-/tree-kill-1.2.2.tgz 0ms (cache hit)
26 http cache toidentifier@https://registry.npmjs.org/toidentifier/-/toidentifier-1.0.1.tgz 0ms (cache hit)
27 http cache supports-color@https://registry.npmjs.org/supports-color/-/supports-color-8.1.1.tgz 0ms (cache hit)
28 http cache strip-ansi@https://registry.npmjs.org/strip-ansi/-/strip-ansi-6.0.1.tgz 0ms (cache hit)
29 http cache string-width@https://registry.npmjs.org/string-width/-/string-width-4.2.3.tgz 0ms (cache hit)
30 http cache statuses@https://registry.npmjs.org/statuses/-/statuses-2.0.1.tgz 0ms (cache hit)
31 http cache spawn-command@https://registry.npmjs.org/spawn-command/-/spawn-command-0.0.2-1.tgz 0ms (cache hit)
32 http cache side-channel@https://registry.npmjs.org/side-channel/-/side-channel-1.0.6.tgz 0ms (cache hit)
33 http cache shell-quote@https://registry.npmjs.org/shell-quote/-/shell-quote-1.8.0.tgz 0ms (cache hit)
34 http cache setprototypeof@https://registry.npmjs.org/setprototypeof/-/setprototypeof-1.2.0.tgz 0ms (cache hit)
35 http cache set-function-length@https://registry.npmjs.org/set-function-length/-/set-function-length-1.2.2.tgz 1ms (cache hit)
36 http cache serve-static@https://registry.npmjs.org/serve-static/-/serve-static-1.16.2.tgz 0ms (cache hit)
37 http cache send@https://registry.npmjs.org/send/-/send-0.19.0.tgz 0ms (cache hit)
38 http cache safer-buffer@https://registry.npmjs.org/safer-buffer/-/safer-buffer-2.1.2.tgz 0ms (cache hit)
39 http cache safe-buffer@https://registry.npmjs.org/safe-buffer/-/safe-buffer-5.2.1.tgz 0ms (cache hit)
40 http cache rxjs@https://registry.npmjs.org/rxjs/-/rxjs-7.8.0.tgz 0ms (cache hit)
41 http cache require-directory@https://registry.npmjs.org/require-directory/-/require-directory-2.1.1.tgz 0ms (cache hit)
42 http cache raw-body@https://registry.npmjs.org/raw-body/-/raw-body-2.5.2.tgz 0ms (cache hit)
43 http cache range-parser@https://registry.npmjs.org/range-parser/-/range-parser-1.2.1.tgz 0ms (cache hit)
44 http cache qs@https://registry.npmjs.org/qs/-/qs-6.13.0.tgz 0ms (cache hit)
45 http cache proxy-addr@https://registry.npmjs.org/proxy-addr/-/proxy-addr-2.0.7.tgz 0ms (cache hit)
46 http cache path-to-regexp@https://registry.npmjs.org/path-to-regexp/-/path-to-regexp-0.1.10.tgz 1ms (cache hit)
47 http cache parseurl@https://registry.npmjs.org/parseurl/-/parseurl-1.3.3.tgz 0ms (cache hit)
48 http cache on-finished@https://registry.npmjs.org/on-finished/-/on-finished-2.4.1.tgz 0ms (cache hit)
49 http cache object-inspect@https://registry.npmjs.org/object-inspect/-/object-inspect-1.13.2.tgz 0ms (cache hit)
50 http cache object-assign@https://registry.npmjs.org/object-assign/-/object-assign-4.1.1.tgz 0ms (cache hit)
51 http cache negotiator@https://registry.npmjs.org/negotiator/-/negotiator-0.6.3.tgz 0ms (cache hit)
52 http cache ms@https://registry.npmjs.org/ms/-/ms-2.0.0.tgz 0ms (cache hit)
53 http cache mime-types@https://registry.npmjs.org/mime-types/-/mime-types-2.1.35.tgz 0ms (cache hit)
54 http cache mime-db@https://registry.npmjs.org/mime-db/-/mime-db-1.52.0.tgz 0ms (cache hit)
55 http cache mime@https://registry.npmjs.org/mime/-/mime-1.6.0.tgz 0ms (cache hit)
56 http cache methods@https://registry.npmjs.org/methods/-/methods-1.1.2.tgz 0ms (cache hit)
57 http cache merge-descriptors@https://registry.npmjs.org/merge-descriptors/-/merge-descriptors-1.0.3.tgz 0ms (cache hit)
58 http cache media-typer@https://registry.npmjs.org/media-typer/-/media-typer-0.3.0.tgz 0ms (cache hit)
59 http cache lodash@https://registry.npmjs.org/lodash/-/lodash-4.17.21.tgz 0ms (cache hit)
60 http cache is-fullwidth-code-point@https://registry.npmjs.org/is-fullwidth-code-point/-/is-fullwidth-code-point-3.0.0.tgz 0ms (cache hit)
61 http cache ipaddr.js@https://registry.npmjs.org/ipaddr.js/-/ipaddr.js-1.9.1.tgz 0ms (cache hit)
62 http cache inherits@https://registry.npmjs.org/inherits/-/inherits-2.0.4.tgz 0ms (cache hit)
63 http cache iconv-lite@https://registry.npmjs.org/iconv-lite/-/iconv-lite-0.4.24.tgz 0ms (cache hit)
64 http cache http-errors@https://registry.npmjs.org/http-errors/-/http-errors-2.0.0.tgz 0ms (cache hit)
65 http cache hasown@https://registry.npmjs.org/hasown/-/hasown-2.0.2.tgz 0ms (cache hit)
66 http cache has-symbols@https://registry.npmjs.org/has-symbols/-/has-symbols-1.0.3.tgz 0ms (cache hit)
67 http cache has-proto@https://registry.npmjs.org/has-proto/-/has-proto-1.0.3.tgz 1ms (cache hit)
68 http cache has-property-descriptors@https://registry.npmjs.org/has-property-descriptors/-/has-property-descriptors-1.0.2.tgz 0ms (cache hit)
69 http cache has-flag@https://registry.npmjs.org/has-flag/-/has-flag-4.0.0.tgz 0ms (cache hit)
70 http cache gopd@https://registry.npmjs.org/gopd/-/gopd-1.0.1.tgz 0ms (cache hit)
71 http cache get-intrinsic@https://registry.npmjs.org/get-intrinsic/-/get-intrinsic-1.2.4.tgz 0ms (cache hit)
72 http cache get-caller-file@https://registry.npmjs.org/get-caller-file/-/get-caller-file-2.0.5.tgz 0ms (cache hit)
73 http cache function-bind@https://registry.npmjs.org/function-bind/-/function-bind-1.1.2.tgz 0ms (cache hit)
74 http cache fresh@https://registry.npmjs.org/fresh/-/fresh-0.5.2.tgz 0ms (cache hit)
75 http cache forwarded@https://registry.npmjs.org/forwarded/-/forwarded-0.2.0.tgz 0ms (cache hit)
76 http cache finalhandler@https://registry.npmjs.org/finalhandler/-/finalhandler-1.3.1.tgz 0ms (cache hit)
77 http cache express@https://registry.npmjs.org/express/-/express-4.21.1.tgz 0ms (cache hit)
78 http cache etag@https://registry.npmjs.org/etag/-/etag-1.8.1.tgz 0ms (cache hit)
79 http cache escape-html@https://registry.npmjs.org/escape-html/-/escape-html-1.0.3.tgz 1ms (cache hit)
80 http cache escalade@https://registry.npmjs.org/escalade/-/escalade-3.1.1.tgz 0ms (cache hit)
81 http cache es-errors@https://registry.npmjs.org/es-errors/-/es-errors-1.3.0.tgz 0ms (cache hit)
82 http cache es-define-property@https://registry.npmjs.org/es-define-property/-/es-define-property-1.0.0.tgz 0ms (cache hit)
83 http cache encodeurl@https://registry.npmjs.org/encodeurl/-/encodeurl-2.0.0.tgz 0ms (cache hit)
84 http cache emoji-regex@https://registry.npmjs.org/emoji-regex/-/emoji-regex-8.0.0.tgz 0ms (cache hit)
85 http cache ee-first@https://registry.npmjs.org/ee-first/-/ee-first-1.1.1.tgz 0ms (cache hit)
86 http cache destroy@https://registry.npmjs.org/destroy/-/destroy-1.2.0.tgz 0ms (cache hit)
87 http cache depd@https://registry.npmjs.org/depd/-/depd-2.0.0.tgz 0ms (cache hit)
88 http cache define-data-property@https://registry.npmjs.org/define-data-property/-/define-data-property-1.1.4.tgz 0ms (cache hit)
89 http cache debug@https://registry.npmjs.org/debug/-/debug-2.6.9.tgz 0ms (cache hit)
90 http cache date-fns@https://registry.npmjs.org/date-fns/-/date-fns-2.29.3.tgz 0ms (cache hit)
91 http cache cors@https://registry.npmjs.org/cors/-/cors-2.8.5.tgz 0ms (cache hit)
92 http cache cookie-signature@https://registry.npmjs.org/cookie-signature/-/cookie-signature-1.0.6.tgz 0ms (cache hit)
93 http cache cookie@https://registry.npmjs.org/cookie/-/cookie-0.7.1.tgz 0ms (cache hit)
94 http cache content-type@https://registry.npmjs.org/content-type/-/content-type-1.0.5.tgz 0ms (cache hit)
95 http cache content-disposition@https://registry.npmjs.org/content-disposition/-/content-disposition-0.5.4.tgz 0ms (cache hit)
96 http cache concurrently@https://registry.npmjs.org/concurrently/-/concurrently-7.6.0.tgz 0ms (cache hit)
97 http cache color-name@https://registry.npmjs.org/color-name/-/color-name-1.1.4.tgz 0ms (cache hit)
98 http cache color-convert@https://registry.npmjs.org/color-convert/-/color-convert-2.0.1.tgz 0ms (cache hit)
99 http cache cliui@https://registry.npmjs.org/cliui/-/cliui-8.0.1.tgz 0ms (cache hit)
100 http cache chalk@https://registry.npmjs.org/chalk/-/chalk-4.1.2.tgz 0ms (cache hit)
101 http cache call-bind@https://registry.npmjs.org/call-bind/-/call-bind-1.0.7.tgz 0ms (cache hit)
102 http cache bytes@https://registry.npmjs.org/bytes/-/bytes-3.1.2.tgz 0ms (cache hit)
103 http cache body-parser@https://registry.npmjs.org/body-parser/-/body-parser-1.20.3.tgz 0ms (cache hit)
104 http cache array-flatten@https://registry.npmjs.org/array-flatten/-/array-flatten-1.1.1.tgz 0ms (cache hit)
105 http cache ansi-styles@https://registry.npmjs.org/ansi-styles/-/ansi-styles-4.3.0.tgz 0ms (cache hit)
106 http cache ansi-regex@https://registry.npmjs.org/ansi-regex/-/ansi-regex-5.0.1.tgz 0ms (cache hit)
107 http cache accepts@https://registry.npmjs.org/accepts/-/accepts-1.3.8.tgz 1ms (cache hit)
108 http cache ms@https://registry.npmjs.org/ms/-/ms-2.1.3.tgz 0ms (cache hit)
109 http cache encodeurl@https://registry.npmjs.org/encodeurl/-/encodeurl-1.0.2.tgz 0ms (cache hit)
110 http cache supports-color@https://registry.npmjs.org/supports-color/-/supports-color-7.2.0.tgz 0ms (cache hit)
111 silly tarball no local data for yargs-parser@https://registry.npmjs.org/yargs-parser/-/yargs-parser-21.1.1.tgz. Extracting by manifest.
112 silly tarball no local data for yargs@https://registry.npmjs.org/yargs/-/yargs-17.7.1.tgz. Extracting by manifest.
113 silly tarball no local data for y18n@https://registry.npmjs.org/y18n/-/y18n-5.0.8.tgz. Extracting by manifest.
114 silly tarball no local data for wrap-ansi@https://registry.npmjs.org/wrap-ansi/-/wrap-ansi-7.0.0.tgz. Extracting by manifest.
115 silly tarball no local data for unpipe@https://registry.npmjs.org/unpipe/-/unpipe-1.0.0.tgz. Extracting by manifest.
116 silly tarball no local data for tslib@https://registry.npmjs.org/tslib/-/tslib-2.5.0.tgz. Extracting by manifest.
117 silly tarball no local data for tree-kill@https://registry.npmjs.org/tree-kill/-/tree-kill-1.2.2.tgz. Extracting by manifest.
118 silly tarball no local data for supports-color@https://registry.npmjs.org/supports-color/-/supports-color-8.1.1.tgz. Extracting by manifest.
119 silly tarball no local data for strip-ansi@https://registry.npmjs.org/strip-ansi/-/strip-ansi-6.0.1.tgz. Extracting by manifest.
120 silly tarball no local data for string-width@https://registry.npmjs.org/string-width/-/string-width-4.2.3.tgz. Extracting by manifest.
121 silly tarball no local data for spawn-command@https://registry.npmjs.org/spawn-command/-/spawn-command-0.0.2-1.tgz. Extracting by manifest.
122 silly tarball no local data for shell-quote@https://registry.npmjs.org/shell-quote/-/shell-quote-1.8.0.tgz. Extracting by manifest.
123 silly tarball no local data for serve-static@https://registry.npmjs.org/serve-static/-/serve-static-1.16.2.tgz. Extracting by manifest.
124 silly tarball no local data for rxjs@https://registry.npmjs.org/rxjs/-/rxjs-7.8.0.tgz. Extracting by manifest.
125 silly tarball no local data for require-directory@https://registry.npmjs.org/require-directory/-/require-directory-2.1.1.tgz. Extracting by manifest.
126 silly tarball no local data for object-assign@https://registry.npmjs.org/object-assign/-/object-assign-4.1.1.tgz. Extracting by manifest.
127 silly tarball no local data for ms@https://registry.npmjs.org/ms/-/ms-2.0.0.tgz. Extracting by manifest.
128 silly tarball no local data for media-typer@https://registry.npmjs.org/media-typer/-/media-typer-0.3.0.tgz. Extracting by manifest.
129 silly tarball no local data for lodash@https://registry.npmjs.org/lodash/-/lodash-4.17.21.tgz. Extracting by manifest.
130 silly tarball no local data for is-fullwidth-code-point@https://registry.npmjs.org/is-fullwidth-code-point/-/is-fullwidth-code-point-3.0.0.tgz. Extracting by manifest.
131 silly tarball no local data for has-flag@https://registry.npmjs.org/has-flag/-/has-flag-4.0.0.tgz. Extracting by manifest.
132 silly tarball no local data for get-caller-file@https://registry.npmjs.org/get-caller-file/-/get-caller-file-2.0.5.tgz. Extracting by manifest.
133 silly tarball no local data for finalhandler@https://registry.npmjs.org/finalhandler/-/finalhandler-1.3.1.tgz. Extracting by manifest.
134 silly tarball no local data for express@https://registry.npmjs.org/express/-/express-4.21.1.tgz. Extracting by manifest.
135 silly tarball no local data for escalade@https://registry.npmjs.org/escalade/-/escalade-3.1.1.tgz. Extracting by manifest.
136 silly tarball no local data for emoji-regex@https://registry.npmjs.org/emoji-regex/-/emoji-regex-8.0.0.tgz. Extracting by manifest.
137 silly tarball no local data for date-fns@https://registry.npmjs.org/date-fns/-/date-fns-2.29.3.tgz. Extracting by manifest.
138 silly tarball no local data for cors@https://registry.npmjs.org/cors/-/cors-2.8.5.tgz. Extracting by manifest.
139 silly tarball no local data for cookie@https://registry.npmjs.org/cookie/-/cookie-0.7.1.tgz. Extracting by manifest.
140 silly tarball no local data for concurrently@https://registry.npmjs.org/concurrently/-/concurrently-7.6.0.tgz. Extracting by manifest.
141 silly tarball no local data for color-name@https://registry.npmjs.org/color-name/-/color-name-1.1.4.tgz. Extracting by manifest.
142 silly tarball no local data for color-convert@https://registry.npmjs.org/color-convert/-/color-convert-2.0.1.tgz. Extracting by manifest.
143 silly tarball no local data for cliui@https://registry.npmjs.org/cliui/-/cliui-8.0.1.tgz. Extracting by manifest.
144 silly tarball no local data for chalk@https://registry.npmjs.org/chalk/-/chalk-4.1.2.tgz. Extracting by manifest.
145 silly tarball no local data for ansi-styles@https://registry.npmjs.org/ansi-styles/-/ansi-styles-4.3.0.tgz. Extracting by manifest.
146 silly tarball no local data for ansi-regex@https://registry.npmjs.org/ansi-regex/-/ansi-regex-5.0.1.tgz. Extracting by manifest.
147 silly tarball no local data for supports-color@https://registry.npmjs.org/supports-color/-/supports-color-7.2.0.tgz. Extracting by manifest.
148 http fetch POST 200 https://registry.npmjs.org/-/npm/v1/security/advisories/bulk 554ms
149 silly audit report {
149 silly audit report   lodash: [
149 silly audit report     {
149 silly audit report       id: 1112455,
149 silly audit report       url: 'https://github.com/advisories/GHSA-xxjr-mmjv-4gpg',
149 silly audit report       title: 'Lodash has Prototype Pollution Vulnerability in `_.unset` and `_.omit` functions',
149 silly audit report       severity: 'moderate',
149 silly audit report       vulnerable_versions: '>=4.0.0 <=4.17.22',
149 silly audit report       cwe: [Array],
149 silly audit report       cvss: [Object]
149 silly audit report     },
149 silly audit report     {
149 silly audit report       id: 1115806,
149 silly audit report       url: 'https://github.com/advisories/GHSA-r5fr-rjxr-66jc',
149 silly audit report       title: 'lodash vulnerable to Code Injection via `_.template` imports key names',
149 silly audit report       severity: 'high',
149 silly audit report       vulnerable_versions: '>=4.0.0 <=4.17.23',
149 silly audit report       cwe: [Array],
149 silly audit report       cvss: [Object]
149 silly audit report     },
149 silly audit report     {
149 silly audit report       id: 1115810,
149 silly audit report       url: 'https://github.com/advisories/GHSA-f23m-r3pf-42rh',
149 silly audit report       title: 'lodash vulnerable to Prototype Pollution via array path bypass in `_.unset` and `_.omit`',
149 silly audit report       severity: 'moderate',
149 silly audit report       vulnerable_versions: '<=4.17.23',
149 silly audit report       cwe: [Array],
149 silly audit report       cvss: [Object]
149 silly audit report     }
149 silly audit report   ],
149 silly audit report   'path-to-regexp': [
149 silly audit report     {
149 silly audit report       id: 1105199,
149 silly audit report       url: 'https://github.com/advisories/GHSA-rhx6-c78j-4q9w',
149 silly audit report       title: 'path-to-regexp contains a ReDoS',
149 silly audit report       severity: 'high',
149 silly audit report       vulnerable_versions: '<0.1.12',
149 silly audit report       cwe: [Array],
149 silly audit report       cvss: [Object]
149 silly audit report     },
149 silly audit report     {
149 silly audit report       id: 1115527,
149 silly audit report       url: 'https://github.com/advisories/GHSA-37ch-88jc-xwx2',
149 silly audit report       title: 'path-to-regexp vulnerable to Regular Expression Denial of Service via multiple route parameters',
149 silly audit report       severity: 'high',
149 silly audit report       vulnerable_versions: '<0.1.13',
149 silly audit report       cwe: [Array],
149 silly audit report       cvss: [Object]
149 silly audit report     }
149 silly audit report   ],
149 silly audit report   qs: [
149 silly audit report     {
149 silly audit report       id: 1119502,
149 silly audit report       url: 'https://github.com/advisories/GHSA-q8mj-m7cp-5q26',
149 silly audit report       title: 'qs has a remotely triggerable DoS: qs.stringify crashes with TypeError on null/undefined entries in comma-format arrays when encodeValuesOnly is set',
149 silly audit report       severity: 'moderate',
149 silly audit report       vulnerable_versions: '>=6.11.1 <=6.15.1',
149 silly audit report       cwe: [Array],
149 silly audit report       cvss: [Object]
149 silly audit report     },
149 silly audit report     {
149 silly audit report       id: 1113161,
149 silly audit report       url: 'https://github.com/advisories/GHSA-w7fw-mjwx-w883',
149 silly audit report       title: "qs's arrayLimit bypass in comma parsing allows denial of service",
149 silly audit report       severity: 'low',
149 silly audit report       vulnerable_versions: '>=6.7.0 <=6.14.1',
149 silly audit report       cwe: [Array],
149 silly audit report       cvss: [Object]
149 silly audit report     },
149 silly audit report     {
149 silly audit report       id: 1113719,
149 silly audit report       url: 'https://github.com/advisories/GHSA-6rw7-vpxm-498p',
149 silly audit report       title: "qs's arrayLimit bypass in its bracket notation allows DoS via memory exhaustion",
149 silly audit report       severity: 'moderate',
149 silly audit report       vulnerable_versions: '<6.14.1',
149 silly audit report       cwe: [Array],
149 silly audit report       cvss: [Object]
149 silly audit report     }
149 silly audit report   ]
149 silly audit report }
150 silly packumentCache corgi:https://registry.npmjs.org/lodash cache-miss
151 silly packumentCache corgi:https://registry.npmjs.org/path-to-regexp cache-miss
152 silly packumentCache corgi:https://registry.npmjs.org/qs cache-miss
153 http fetch GET 200 https://registry.npmjs.org/supports-color/-/supports-color-8.1.1.tgz 617ms (cache miss)
154 http fetch GET 200 https://registry.npmjs.org/supports-color/-/supports-color-7.2.0.tgz 596ms (cache miss)
155 http fetch GET 200 https://registry.npmjs.org/wrap-ansi/-/wrap-ansi-7.0.0.tgz 630ms (cache miss)
156 http fetch GET 200 https://registry.npmjs.org/strip-ansi/-/strip-ansi-6.0.1.tgz 629ms (cache miss)
157 http fetch GET 200 https://registry.npmjs.org/require-directory/-/require-directory-2.1.1.tgz 625ms (cache miss)
158 http fetch GET 200 https://registry.npmjs.org/has-flag/-/has-flag-4.0.0.tgz 620ms (cache miss)
159 http fetch GET 200 https://registry.npmjs.org/get-caller-file/-/get-caller-file-2.0.5.tgz 620ms (cache miss)
160 http fetch GET 200 https://registry.npmjs.org/is-fullwidth-code-point/-/is-fullwidth-code-point-3.0.0.tgz 623ms (cache miss)
161 http fetch GET 200 https://registry.npmjs.org/object-assign/-/object-assign-4.1.1.tgz 633ms (cache miss)
162 http fetch GET 200 https://registry.npmjs.org/string-width/-/string-width-4.2.3.tgz 639ms (cache miss)
163 http fetch GET 200 https://registry.npmjs.org/spawn-command/-/spawn-command-0.0.2-1.tgz 640ms (cache miss)
164 http fetch GET 200 https://registry.npmjs.org/tree-kill/-/tree-kill-1.2.2.tgz 643ms (cache miss)
165 http fetch GET 200 https://registry.npmjs.org/finalhandler/-/finalhandler-1.3.1.tgz 630ms (cache miss)
166 http fetch GET 200 https://registry.npmjs.org/cliui/-/cliui-8.0.1.tgz 624ms (cache miss)
167 http fetch GET 200 https://registry.npmjs.org/ansi-styles/-/ansi-styles-4.3.0.tgz 628ms (cache miss)
168 http fetch GET 200 https://registry.npmjs.org/ansi-regex/-/ansi-regex-5.0.1.tgz 629ms (cache miss)
169 http fetch GET 200 https://registry.npmjs.org/color-name/-/color-name-1.1.4.tgz 635ms (cache miss)
170 http cache https://registry.npmjs.org/path-to-regexp 199ms (cache hit)
171 silly packumentCache corgi:https://registry.npmjs.org/path-to-regexp set size:66575 disposed:false
172 http cache https://registry.npmjs.org/qs 203ms (cache hit)
173 silly packumentCache corgi:https://registry.npmjs.org/qs set size:146581 disposed:false
174 http fetch GET 200 https://registry.npmjs.org/escalade/-/escalade-3.1.1.tgz 652ms (cache miss)
175 http fetch GET 200 https://registry.npmjs.org/cors/-/cors-2.8.5.tgz 652ms (cache miss)
176 http fetch GET 200 https://registry.npmjs.org/cookie/-/cookie-0.7.1.tgz 652ms (cache miss)
177 http fetch GET 200 https://registry.npmjs.org/y18n/-/y18n-5.0.8.tgz 677ms (cache miss)
178 http fetch GET 200 https://registry.npmjs.org/serve-static/-/serve-static-1.16.2.tgz 670ms (cache miss)
179 http fetch GET 200 https://registry.npmjs.org/ms/-/ms-2.0.0.tgz 667ms (cache miss)
180 http fetch GET 200 https://registry.npmjs.org/unpipe/-/unpipe-1.0.0.tgz 679ms (cache miss)
181 http fetch GET 200 https://registry.npmjs.org/color-convert/-/color-convert-2.0.1.tgz 660ms (cache miss)
182 http fetch GET 200 https://registry.npmjs.org/emoji-regex/-/emoji-regex-8.0.0.tgz 666ms (cache miss)
183 http fetch GET 200 https://registry.npmjs.org/media-typer/-/media-typer-0.3.0.tgz 678ms (cache miss)
184 http fetch GET 200 https://registry.npmjs.org/tslib/-/tslib-2.5.0.tgz 699ms (cache miss)
185 http fetch GET 200 https://registry.npmjs.org/chalk/-/chalk-4.1.2.tgz 684ms (cache miss)
186 http fetch GET 200 https://registry.npmjs.org/lodash 253ms (cache miss)
187 silly packumentCache corgi:https://registry.npmjs.org/lodash set size:undefined disposed:false
188 http fetch GET 200 https://registry.npmjs.org/yargs-parser/-/yargs-parser-21.1.1.tgz 751ms (cache miss)
189 silly packumentCache corgi:https://registry.npmjs.org/concurrently cache-miss
190 http fetch GET 200 https://registry.npmjs.org/shell-quote/-/shell-quote-1.8.0.tgz 751ms (cache miss)
191 http fetch GET 200 https://registry.npmjs.org/express/-/express-4.21.1.tgz 769ms (cache miss)
192 http fetch GET 200 https://registry.npmjs.org/concurrently 61ms (cache miss)
193 silly packumentCache corgi:https://registry.npmjs.org/concurrently set size:undefined disposed:false
194 silly packumentCache corgi:https://registry.npmjs.org/express cache-miss
195 http cache https://registry.npmjs.org/express 15ms (cache hit)
196 silly packumentCache corgi:https://registry.npmjs.org/express set size:339376 disposed:false
197 silly packumentCache corgi:https://registry.npmjs.org/body-parser cache-miss
198 http cache https://registry.npmjs.org/body-parser 54ms (cache hit)
199 silly packumentCache corgi:https://registry.npmjs.org/body-parser set size:78944 disposed:false
200 http fetch GET 200 https://registry.npmjs.org/yargs/-/yargs-17.7.1.tgz 962ms (cache miss)
201 http fetch GET 200 https://registry.npmjs.org/concurrently/-/concurrently-7.6.0.tgz 962ms (cache miss)
202 http fetch GET 200 https://registry.npmjs.org/lodash/-/lodash-4.17.21.tgz 1405ms (cache miss)
203 http fetch GET 200 https://registry.npmjs.org/rxjs/-/rxjs-7.8.0.tgz 3474ms (cache miss)
204 http fetch GET 200 https://registry.npmjs.org/date-fns/-/date-fns-2.29.3.tgz 4350ms (cache miss)
205 silly ADD node_modules/yargs-parser
206 silly ADD node_modules/yargs
207 silly ADD node_modules/y18n
208 silly ADD node_modules/wrap-ansi
209 silly ADD node_modules/vary
210 silly ADD node_modules/utils-merge
211 silly ADD node_modules/unpipe
212 silly ADD node_modules/type-is
213 silly ADD node_modules/tslib
214 silly ADD node_modules/tree-kill
215 silly ADD node_modules/toidentifier
216 silly ADD node_modules/supports-color
217 silly ADD node_modules/strip-ansi
218 silly ADD node_modules/string-width
219 silly ADD node_modules/statuses
220 silly ADD node_modules/spawn-command
221 silly ADD node_modules/side-channel
222 silly ADD node_modules/shell-quote
223 silly ADD node_modules/setprototypeof
224 silly ADD node_modules/set-function-length
225 silly ADD node_modules/serve-static
226 silly ADD node_modules/send
227 silly ADD node_modules/send/node_modules/ms
228 silly ADD node_modules/send/node_modules/encodeurl
229 silly ADD node_modules/safer-buffer
230 silly ADD node_modules/safe-buffer
231 silly ADD node_modules/rxjs
232 silly ADD node_modules/require-directory
233 silly ADD node_modules/raw-body
234 silly ADD node_modules/range-parser
235 silly ADD node_modules/qs
236 silly ADD node_modules/proxy-addr
237 silly ADD node_modules/path-to-regexp
238 silly ADD node_modules/parseurl
239 silly ADD node_modules/on-finished
240 silly ADD node_modules/object-inspect
241 silly ADD node_modules/object-assign
242 silly ADD node_modules/negotiator
243 silly ADD node_modules/ms
244 silly ADD node_modules/mime-types
245 silly ADD node_modules/mime-db
246 silly ADD node_modules/mime
247 silly ADD node_modules/methods
248 silly ADD node_modules/merge-descriptors
249 silly ADD node_modules/media-typer
250 silly ADD node_modules/lodash
251 silly ADD node_modules/is-fullwidth-code-point
252 silly ADD node_modules/ipaddr.js
253 silly ADD node_modules/inherits
254 silly ADD node_modules/iconv-lite
255 silly ADD node_modules/http-errors
256 silly ADD node_modules/hasown
257 silly ADD node_modules/has-symbols
258 silly ADD node_modules/has-proto
259 silly ADD node_modules/has-property-descriptors
260 silly ADD node_modules/has-flag
261 silly ADD node_modules/gopd
262 silly ADD node_modules/get-intrinsic
263 silly ADD node_modules/get-caller-file
264 silly ADD node_modules/function-bind
265 silly ADD node_modules/fresh
266 silly ADD node_modules/forwarded
267 silly ADD node_modules/finalhandler
268 silly ADD node_modules/express
269 silly ADD node_modules/etag
270 silly ADD node_modules/escape-html
271 silly ADD node_modules/escalade
272 silly ADD node_modules/es-errors
273 silly ADD node_modules/es-define-property
274 silly ADD node_modules/encodeurl
275 silly ADD node_modules/emoji-regex
276 silly ADD node_modules/ee-first
277 silly ADD node_modules/destroy
278 silly ADD node_modules/depd
279 silly ADD node_modules/define-data-property
280 silly ADD node_modules/debug
281 silly ADD node_modules/date-fns
282 silly ADD node_modules/cors
283 silly ADD node_modules/cookie-signature
284 silly ADD node_modules/cookie
285 silly ADD node_modules/content-type
286 silly ADD node_modules/content-disposition
287 silly ADD node_modules/concurrently
288 silly ADD node_modules/color-name
289 silly ADD node_modules/color-convert
290 silly ADD node_modules/cliui
291 silly ADD node_modules/chalk
292 silly ADD node_modules/chalk/node_modules/supports-color
293 silly ADD node_modules/call-bind
294 silly ADD node_modules/bytes
295 silly ADD node_modules/body-parser
296 silly ADD node_modules/array-flatten
297 silly ADD node_modules/ansi-styles
298 silly ADD node_modules/ansi-regex
299 silly ADD node_modules/accepts
300 verbose cwd /home/student_03_fe23288f6891/monolith-to-microservices/microservices
301 verbose os Linux 6.6.137+
302 verbose node v24.15.0
303 verbose npm  v11.14.1
304 verbose exit 0
305 info ok
